a w
a x
a x
a x
a y
a y
a z
b x
b y
b y
b z
c x
c x
c x
c x
c x
c x